FLOW: triaging  (qa-rounds=0)
TRIAGE: verdict=actionable  shape=PASS  | 140s $0
FLOW: fixing  (round=0 manifest=bugs/triaged/orrery-fly-physics-L0-triaged.json)
VERDICT: FAIL (ftp_still_failing=1, regressions=0)   | 221s  $0  21 turns  scope=yes
FLOW: kick-back  (round=1 evidence=/home/dev/.bugfix-fleet/bakeoff/results/orrery-fly-physics-L0-triaged/pi)
FLOW: advising  (model=z-ai/glm-5.2)
ADVISOR PIN: src/lib/orbital/fly-physics.ts :: heliocentricSpeed  (424s)
TRIAGE: verdict=needs-info  shape=PASS  | 71s $0
FLOW: asking-reporter  (round=1)
FLOW: triaging  (qa-rounds=1)
TRIAGE: verdict=actionable  shape=PASS  | 101s $0
FLOW: fixing  (round=0 manifest=bugs/triaged/orrery-fly-physics-L0-qa1-triaged.json)
VERDICT: FAIL (ftp_still_failing=1, regressions=0)   | 110s  $0  11 turns  scope=yes
FLOW: kick-back  (round=1 evidence=/home/dev/.bugfix-fleet/bakeoff/results/orrery-fly-physics-L0-qa1-triaged/pi)
FLOW: acceptance-gap  (fixed at pin src/lib/orbital/fly-physics.ts, still failing — reporter)
TRIAGE: verdict=actionable  shape=PASS  | 55s $0
FLOW: downgrade  (acceptance-gap triage returned actionable — forcing needs-info)
FLOW: asking-reporter  (round=2)
FLOW: triaging  (qa-rounds=2)
TRIAGE: verdict=actionable  shape=PASS  | 70s $0
FLOW: fixing  (round=0 manifest=bugs/triaged/orrery-fly-physics-L0-qa2-triaged.json)
VERDICT: PASS   | 96s  $0  10 turns  scope=yes
FLOW: shipped  (round=0)
