FLOW: triaging  (qa-rounds=0)
TRIAGE: verdict=actionable  shape=PASS  | 131s $0
FLOW: fixing  (round=0 manifest=bugs/triaged/orrery-fly-physics-L0-triaged.json)
VERDICT: FAIL (ftp_still_failing=2, regressions=0)   | 301s  $0  40 turns  scope=yes
FLOW: kick-back  (round=1 evidence=/Users/markodragoljevic/.bugfix-fleet/bakeoff/results/orrery-fly-physics-L0-triaged/pi)
FLOW: advising  (model=z-ai/glm-5.2)
ADVISOR PIN: src/lib/orbital/fly-physics.ts :: heliocentricSpeed  (119s)
TRIAGE: verdict=needs-info  shape=PASS  | 85s $0
FLOW: asking-reporter  (round=1)
FLOW: triaging  (qa-rounds=1)
TRIAGE: verdict=actionable  shape=PASS  | 100s $0
FLOW: fixing  (round=0 manifest=bugs/triaged/orrery-fly-physics-L0-qa1-triaged.json)
VERDICT: FAIL (ftp_still_failing=1, regressions=0)   | 151s  $0  16 turns  scope=yes
FLOW: kick-back  (round=1 evidence=/Users/markodragoljevic/.bugfix-fleet/bakeoff/results/orrery-fly-physics-L0-qa1-triaged/pi)
FLOW: advising  (model=z-ai/glm-5.2)
ADVISOR PIN: src/routes/fly/+page.svelte :: heliocentricKms $derived — the flyHeliocentricSpeed(scR, (R_EARTH_AU + R_MARS_AU) / 2) call at lines 951-953, which hardcodes the Earth-Mars Hohmann SMA for every non-Moon mission instead of deriving the transfer SMA from the actual destination  (349s)
TRIAGE: verdict=actionable  shape=PASS  | 66s $0
FLOW: fixing  (round=1 manifest=bugs/triaged/orrery-fly-physics-L0-qa1-triaged-kb1.json)
VERDICT: FAIL (ftp_still_failing=2, regressions=0)   | 220s  $0  31 turns  scope=no
FLOW: kick-back  (round=2 evidence=/Users/markodragoljevic/.bugfix-fleet/bakeoff/results/orrery-fly-physics-L0-qa1-triaged-kb1/pi)
FLOW: acceptance-gap  (fixed at pin src/routes/fly/+page.svelte, still failing — reporter)
TRIAGE: verdict=actionable  shape=FAIL  [scope=no kick-back must pin L2 (got L1); ]  | 105s $0
FLOW: downgrade  (acceptance-gap triage returned actionable — forcing needs-info)
FLOW: needs-info  (no questions to relay (downgraded verdict))
