FLOW: triaging  (qa-rounds=0)
TRIAGE: verdict=actionable  shape=PASS  | 80s $0
FLOW: fixing  (round=0 manifest=bugs/triaged/orrery-fly-physics-L0-triaged.json)
VERDICT: FAIL (ftp_still_failing=2, regressions=0)   | 130s  $0  14 turns  scope=no
FLOW: kick-back  (round=1 evidence=/home/dev/.bugfix-fleet/bakeoff/results/orrery-fly-physics-L0-triaged/pi)
FLOW: advising  (model=z-ai/glm-5.2)
ADVISOR PIN: src/lib/orbital/fly-physics.ts :: heliocentricSpeed  (51s)
TRIAGE: verdict=actionable  shape=PASS  | 80s $0
FLOW: fixing  (round=1 manifest=bugs/triaged/orrery-fly-physics-L0-triaged-kb1.json)
VERDICT: FAIL (ftp_still_failing=2, regressions=0)   | 145s  $0  12 turns  scope=yes
FLOW: kick-back  (round=2 evidence=/home/dev/.bugfix-fleet/bakeoff/results/orrery-fly-physics-L0-triaged-kb1/pi)
FLOW: advising  (model=z-ai/glm-5.2)
ADVISOR PIN: src/routes/fly/+page.svelte :: the `heliocentricKms` $derived expression (lines ~951-953) that calls flyHeliocentricSpeed(scR, isMoonMission ? R_EARTH_AU : (R_EARTH_AU + R_MARS_AU) / 2)  (130s)
TRIAGE: verdict=actionable  shape=PASS  | 45s $0
FLOW: fixing  (round=2 manifest=bugs/triaged/orrery-fly-physics-L0-triaged-kb2.json)
VERDICT: FAIL (ftp_still_failing=2, regressions=0)   | 190s  $0  16 turns  scope=no
FLOW: kick-back  (round=3 evidence=/home/dev/.bugfix-fleet/bakeoff/results/orrery-fly-physics-L0-triaged-kb2/pi)
FLOW: advising  (model=z-ai/glm-5.2)
ADVISOR PIN: src/lib/orbital/fly-physics.ts :: heliocentricSpeed  (94s)
TRIAGE: verdict=actionable  shape=PASS  | 60s $0
FLOW: fixing  (round=3 manifest=bugs/triaged/orrery-fly-physics-L0-triaged-kb3.json)
VERDICT: FAIL (ftp_still_failing=2, regressions=0)   | 160s  $0  13 turns  scope=yes
FLOW: stuck  (kick-back budget exhausted (3) — operator)
