FLOW: triaging  (qa-rounds=0)
TRIAGE: verdict=actionable  shape=PASS  | 106s $0
FLOW: fixing  (round=0 manifest=bugs/triaged/orrery-fly-physics-L0-triaged.json)
VERDICT: FAIL (ftp_still_failing=2, regressions=0)   | 150s  $0  22 turns  scope=no
FLOW: kick-back  (round=1 evidence=/Users/markodragoljevic/.bugfix-fleet/bakeoff/results/orrery-fly-physics-L0-triaged/pi)
FLOW: advising  (model=z-ai/glm-5.2)
ADVISOR PIN: src/lib/orbital/fly-physics.ts :: heliocentricSpeed  (115s)
TRIAGE: verdict=actionable  shape=PASS  | 60s $0
FLOW: fixing  (round=1 manifest=bugs/triaged/orrery-fly-physics-L0-triaged-kb1.json)
VERDICT: FAIL (ftp_still_failing=2, regressions=0)   | 270s  $0  29 turns  scope=yes
FLOW: kick-back  (round=2 evidence=/Users/markodragoljevic/.bugfix-fleet/bakeoff/results/orrery-fly-physics-L0-triaged-kb1/pi)
FLOW: acceptance-gap  (fixed at pin src/lib/orbital/fly-physics.ts, still failing — reporter)
TRIAGE: verdict=actionable  shape=PASS  | 110s $0
FLOW: downgrade  (acceptance-gap triage returned actionable — forcing needs-info)
FLOW: asking-reporter  (round=1)
FLOW: triaging  (qa-rounds=1)
TRIAGE: verdict=actionable  shape=PASS  | 120s $0
FLOW: fixing  (round=0 manifest=bugs/triaged/orrery-fly-physics-L0-qa1-triaged.json)
VERDICT: PASS   | 106s  $0  20 turns  scope=yes
FLOW: shipped  (round=0)
